ng inherits correctly without any overloading
validate the “switch” by using environment variables
Update api/v1/app.py for using SessionAuth instance for the variable auth depending of the value of the environment variable AUTH_TYPE, If AUTH_TYPE is equal to session_auth:

import SessionAuth from api.v1.auth.session_auth
create an instance of SessionAuth and assign it to the variable auth
Otherwise, keep the previous mechanism.

In the first terminal:

bob@dylan:~$ API_HOST=0.0.0.0 API_PORT=5000 AUTH_TYPE=session_auth python3 -m api.v1.app
 * Running on http://0.0.0.0:5000/ (Press CTRL+C to quit)
....
In a second terminal:

bob@dylan:~$ curl "http://0.0.0.0:5000/api/v1/status"
{
  "status": "OK"
}
bob@dylan:~$
bob@dylan:~$ curl "http://0.0.0.0:5000/api/v1/status/"
{
  "status": "OK"
}
bob@dylan:~$
bob@dylan:~$ curl "http://0.0.0.0:5000/api/v1/users"
{
  "error": "Unauthorized"
}
bob@dylan:~$ 
bob@dylan:~$ curl "http://0.0.0.0:5000/api/v1/users" -H "Authorization: Test"
{
  "error": "Forbidden"
}
bob@dylan:~$
